analysis refresh verified
/Users/free_1/Library/Mobile Documents/iCloud~md~obsidian/Documents/cpp-checker/branch_3/.ouroboros/failure_analysis_state.json
/Users/free_1/Library/Mobile Documents/iCloud~md~obsidian/Documents/cpp-checker/branch_3/.ouroboros/failure_analysis_iteration.md
/Users/free_1/Library/Mobile Documents/iCloud~md~obsidian/Documents/cpp-checker/branch_3/.ouroboros/failure_analysis_state.json:current_for_latest_failure
/Users/free_1/Library/Mobile Documents/iCloud~md~obsidian/Documents/cpp-checker/branch_3/.ouroboros/failure_analysis_state.json:current_failure_signature
/Users/free_1/Library/Mobile Documents/iCloud~md~obsidian/Documents/cpp-checker/branch_3/.ouroboros/failure_analysis_state.json:pinned_primary_axis
/Users/free_1/Library/Mobile Documents/iCloud~md~obsidian/Documents/cpp-checker/branch_3/.ouroboros/failure_analysis_state.json:next_probe_command
/Users/free_1/Library/Mobile Documents/iCloud~md~obsidian/Documents/cpp-checker/branch_3/.ouroboros/failure_analysis_state.json:why_this_axis
/Users/free_1/Library/Mobile Documents/iCloud~md~obsidian/Documents/cpp-checker/branch_3/.ouroboros/failure_analysis_state.json:current_for_latest_failure
/Users/free_1/Library/Mobile Documents/iCloud~md~obsidian/Documents/cpp-checker/branch_3/.ouroboros/failure_analysis_state.json:current_failure_attempt=attempt_020
/Users/free_1/Library/Mobile Documents/iCloud~md~obsidian/Documents/cpp-checker/branch_3/.ouroboros/failure_analysis_state.json:current_failure_session_id=orch_541dc2820c81
/Users/free_1/Library/Mobile Documents/iCloud~md~obsidian/Documents/cpp-checker/branch_3/.ouroboros/failure_analysis_state.json:current_failure_signature=attempt_020|orch_541dc2820c81|2026-04-04 17:52:22 KST|2,3
/Users/free_1/Library/Mobile Documents/iCloud~md~obsidian/Documents/cpp-checker/branch_3/.ouroboros/failure_analysis_state.json:refresh_evidence.refreshed_after_failure_breakdown=true
/Users/free_1/Library/Mobile Documents/iCloud~md~obsidian/Documents/cpp-checker/branch_3/.ouroboros/failure_analysis_state.json:refresh_asset=/Users/free_1/Library/Mobile Documents/iCloud~md~obsidian/Documents/cpp-checker/branch_3/.ouroboros/failure_analysis_state.json
/Users/free_1/Library/Mobile Documents/iCloud~md~obsidian/Documents/cpp-checker/branch_3/.ouroboros/failure_analysis_state.json:refresh_asset=/Users/free_1/Library/Mobile Documents/iCloud~md~obsidian/Documents/cpp-checker/branch_3/.ouroboros/failure_analysis_iteration.md
/Users/free_1/Library/Mobile Documents/iCloud~md~obsidian/Documents/cpp-checker/branch_3/.ouroboros/failure_analysis_state.json:freshness_record.refreshed_asset=/Users/free_1/Library/Mobile Documents/iCloud~md~obsidian/Documents/cpp-checker/branch_3/.ouroboros/failure_analysis_iteration.md
/Users/free_1/Library/Mobile Documents/iCloud~md~obsidian/Documents/cpp-checker/branch_3/.ouroboros/failure_analysis_state.json:post_failure_refresh_asset=/Users/free_1/Library/Mobile Documents/iCloud~md~obsidian/Documents/cpp-checker/branch_3/.ouroboros/failure_analysis_iteration.md
/Users/free_1/Library/Mobile Documents/iCloud~md~obsidian/Documents/cpp-checker/branch_3/artifacts/lca_tree_stress_v5/retry_loop/latest_analysis_session.md:analysis_session.current_for_latest_failure=yes
/Users/free_1/Library/Mobile Documents/iCloud~md~obsidian/Documents/cpp-checker/branch_3/artifacts/lca_tree_stress_v5/retry_loop/latest_analysis_session.md:analysis_session.current_failure_attempt=attempt_020
/Users/free_1/Library/Mobile Documents/iCloud~md~obsidian/Documents/cpp-checker/branch_3/artifacts/lca_tree_stress_v5/retry_loop/latest_analysis_session.md:analysis_session.current_failure_signature=attempt_020|orch_541dc2820c81|2026-04-04 17:52:22 KST|2,3
/Users/free_1/Library/Mobile Documents/iCloud~md~obsidian/Documents/cpp-checker/branch_3/artifacts/lca_tree_stress_v5/retry_loop/latest_analysis_session.md:analysis_session.verification=refreshed analysis assets linked to latest failure
/Users/free_1/Library/Mobile Documents/iCloud~md~obsidian/Documents/cpp-checker/branch_3/artifacts/lca_tree_stress_v5/retry_loop/latest_analysis_session.md:analysis_session.post_failure_timestamp=2026-04-04 18:10:44 KST
[2026-04-10 04:00:02 KST] attempt 22 start: .ouroboros/seed_branch3_progress40_research_loop.yaml
[2026-04-10 08:21:31 KST] attempt 22 recorded a retryable intermediate acceptance failure (failed_acceptance_summary); starting analysis/refinement cycle
failure report written: /Users/free_1/Library/Mobile Documents/iCloud~md~obsidian/Documents/cpp-checker/branch_3/artifacts/lca_tree_stress_v5/retry_loop/attempt_022_20260410_040002/failure_report.md
failure breakdown written: /Users/free_1/Library/Mobile Documents/iCloud~md~obsidian/Documents/cpp-checker/branch_3/artifacts/lca_tree_stress_v5/retry_loop/attempt_022_20260410_040002/failure_breakdown.md
latest failure report updated: /Users/free_1/Library/Mobile Documents/iCloud~md~obsidian/Documents/cpp-checker/branch_3/artifacts/lca_tree_stress_v5/retry_loop/latest_failure_report.md
latest failure breakdown updated: /Users/free_1/Library/Mobile Documents/iCloud~md~obsidian/Documents/cpp-checker/branch_3/artifacts/lca_tree_stress_v5/retry_loop/latest_failure_breakdown.md
[2026-04-10 08:21:42 KST] attempt 22 analysis round 1 start: .ouroboros/seed_branch3_failure_analysis.yaml
[2026-04-10 08:33:49 KST] attempt 22 analysis round 1 workflow exited with code 1, but refreshed analysis assets verified; solver retry may continue
[2026-04-10 08:33:49 KST] attempt 22 running next probe before solver retry
[2026-04-10 08:42:48 KST] attempt 22 failed with exit code 1; failure decomposition recorded; retrying in 10 seconds
[2026-04-10 08:42:58 KST] attempt 23 start: .ouroboros/seed_branch3_progress40_research_loop.yaml
[2026-04-10 09:17:16 KST] attempt 23 recorded a retryable intermediate acceptance failure (failed_acceptance_summary); starting analysis/refinement cycle
failure report written: /Users/free_1/Library/Mobile Documents/iCloud~md~obsidian/Documents/cpp-checker/branch_3/artifacts/lca_tree_stress_v5/retry_loop/attempt_023_20260410_084258/failure_report.md
failure breakdown written: /Users/free_1/Library/Mobile Documents/iCloud~md~obsidian/Documents/cpp-checker/branch_3/artifacts/lca_tree_stress_v5/retry_loop/attempt_023_20260410_084258/failure_breakdown.md
latest failure report updated: /Users/free_1/Library/Mobile Documents/iCloud~md~obsidian/Documents/cpp-checker/branch_3/artifacts/lca_tree_stress_v5/retry_loop/latest_failure_report.md
latest failure breakdown updated: /Users/free_1/Library/Mobile Documents/iCloud~md~obsidian/Documents/cpp-checker/branch_3/artifacts/lca_tree_stress_v5/retry_loop/latest_failure_breakdown.md
[2026-04-10 09:18:54 KST] attempt 23 analysis round 1 start: .ouroboros/seed_branch3_failure_analysis.yaml
[2026-04-10 11:04:00 KST] attempt 23 analysis_round_1 generated non-artifact output outside branch-local artifacts; see /Users/free_1/Library/Mobile Documents/iCloud~md~obsidian/Documents/cpp-checker/branch_3/artifacts/lca_tree_stress_v5/retry_loop/latest_analysis_round_1_non_artifact_tree_report.txt
[2026-04-10 11:04:00 KST] attempt 23 analysis round 1 generated non-artifact output outside branch-local artifacts; aborting retry loop
