analysis refresh verified
/Users/free_1/Library/Mobile Documents/iCloud~md~obsidian/Documents/cpp-checker/branch_3/.ouroboros/failure_analysis_state.json
/Users/free_1/Library/Mobile Documents/iCloud~md~obsidian/Documents/cpp-checker/branch_3/.ouroboros/failure_analysis_iteration.md
/Users/free_1/Library/Mobile Documents/iCloud~md~obsidian/Documents/cpp-checker/branch_3/.ouroboros/failure_analysis_state.json:current_for_latest_failure
/Users/free_1/Library/Mobile Documents/iCloud~md~obsidian/Documents/cpp-checker/branch_3/.ouroboros/failure_analysis_state.json:current_failure_signature
/Users/free_1/Library/Mobile Documents/iCloud~md~obsidian/Documents/cpp-checker/branch_3/.ouroboros/failure_analysis_state.json:pinned_primary_axis
/Users/free_1/Library/Mobile Documents/iCloud~md~obsidian/Documents/cpp-checker/branch_3/.ouroboros/failure_analysis_state.json:next_probe_command
/Users/free_1/Library/Mobile Documents/iCloud~md~obsidian/Documents/cpp-checker/branch_3/.ouroboros/failure_analysis_state.json:why_this_axis
/Users/free_1/Library/Mobile Documents/iCloud~md~obsidian/Documents/cpp-checker/branch_3/.ouroboros/failure_analysis_state.json:current_for_latest_failure
/Users/free_1/Library/Mobile Documents/iCloud~md~obsidian/Documents/cpp-checker/branch_3/.ouroboros/failure_analysis_state.json:current_failure_attempt=attempt_023
/Users/free_1/Library/Mobile Documents/iCloud~md~obsidian/Documents/cpp-checker/branch_3/.ouroboros/failure_analysis_state.json:current_failure_session_id=orch_d5fd77d00526
/Users/free_1/Library/Mobile Documents/iCloud~md~obsidian/Documents/cpp-checker/branch_3/.ouroboros/failure_analysis_state.json:current_failure_signature=attempt_023|orch_d5fd77d00526|2026-04-10 09:18:44 KST|1,2,3,4,5,6
/Users/free_1/Library/Mobile Documents/iCloud~md~obsidian/Documents/cpp-checker/branch_3/.ouroboros/failure_analysis_state.json:refresh_evidence.refreshed_after_failure_breakdown=true
/Users/free_1/Library/Mobile Documents/iCloud~md~obsidian/Documents/cpp-checker/branch_3/.ouroboros/failure_analysis_state.json:refresh_asset=/Users/free_1/Library/Mobile Documents/iCloud~md~obsidian/Documents/cpp-checker/branch_3/.ouroboros/failure_analysis_ac5_narrowing.md
/Users/free_1/Library/Mobile Documents/iCloud~md~obsidian/Documents/cpp-checker/branch_3/.ouroboros/failure_analysis_state.json:refresh_asset=/Users/free_1/Library/Mobile Documents/iCloud~md~obsidian/Documents/cpp-checker/branch_3/.ouroboros/failure_analysis_state.json
/Users/free_1/Library/Mobile Documents/iCloud~md~obsidian/Documents/cpp-checker/branch_3/.ouroboros/failure_analysis_state.json:refresh_asset=/Users/free_1/Library/Mobile Documents/iCloud~md~obsidian/Documents/cpp-checker/branch_3/.ouroboros/failure_analysis_iteration.md
/Users/free_1/Library/Mobile Documents/iCloud~md~obsidian/Documents/cpp-checker/branch_3/.ouroboros/failure_analysis_state.json:refresh_asset=/Users/free_1/Library/Mobile Documents/iCloud~md~obsidian/Documents/cpp-checker/branch_3/.ouroboros/failure_analysis_playbook.md
/Users/free_1/Library/Mobile Documents/iCloud~md~obsidian/Documents/cpp-checker/branch_3/.ouroboros/failure_analysis_state.json:freshness_record.refreshed_asset=/Users/free_1/Library/Mobile Documents/iCloud~md~obsidian/Documents/cpp-checker/branch_3/.ouroboros/failure_analysis_ac5_narrowing.md
/Users/free_1/Library/Mobile Documents/iCloud~md~obsidian/Documents/cpp-checker/branch_3/.ouroboros/failure_analysis_state.json:post_failure_refresh_asset=/Users/free_1/Library/Mobile Documents/iCloud~md~obsidian/Documents/cpp-checker/branch_3/.ouroboros/failure_analysis_ac5_narrowing.md
/Users/free_1/Library/Mobile Documents/iCloud~md~obsidian/Documents/cpp-checker/branch_3/artifacts/lca_tree_stress_v5/retry_loop/latest_analysis_session.md:analysis_session.current_for_latest_failure=yes
/Users/free_1/Library/Mobile Documents/iCloud~md~obsidian/Documents/cpp-checker/branch_3/artifacts/lca_tree_stress_v5/retry_loop/latest_analysis_session.md:analysis_session.current_failure_attempt=attempt_023
/Users/free_1/Library/Mobile Documents/iCloud~md~obsidian/Documents/cpp-checker/branch_3/artifacts/lca_tree_stress_v5/retry_loop/latest_analysis_session.md:analysis_session.current_failure_signature=attempt_023|orch_d5fd77d00526|2026-04-10 09:18:44 KST|1,2,3,4,5,6
/Users/free_1/Library/Mobile Documents/iCloud~md~obsidian/Documents/cpp-checker/branch_3/artifacts/lca_tree_stress_v5/retry_loop/latest_analysis_session.md:analysis_session.verification=refreshed analysis assets linked to latest failure
/Users/free_1/Library/Mobile Documents/iCloud~md~obsidian/Documents/cpp-checker/branch_3/artifacts/lca_tree_stress_v5/retry_loop/latest_analysis_session.md:analysis_session.post_failure_timestamp=2026-04-10 10:56:03 KST
[2026-04-10 13:07:47 KST] attempt 24 start: .ouroboros/seed_branch3_progress40_research_loop.yaml
[2026-04-10 14:05:13 KST] attempt 24 recorded a retryable intermediate acceptance failure (failed_acceptance_summary); starting analysis/refinement cycle
failure report written: /Users/free_1/Library/Mobile Documents/iCloud~md~obsidian/Documents/cpp-checker/branch_3/artifacts/lca_tree_stress_v5/retry_loop/attempt_024_20260410_130747/failure_report.md
failure breakdown written: /Users/free_1/Library/Mobile Documents/iCloud~md~obsidian/Documents/cpp-checker/branch_3/artifacts/lca_tree_stress_v5/retry_loop/attempt_024_20260410_130747/failure_breakdown.md
latest failure report updated: /Users/free_1/Library/Mobile Documents/iCloud~md~obsidian/Documents/cpp-checker/branch_3/artifacts/lca_tree_stress_v5/retry_loop/latest_failure_report.md
latest failure breakdown updated: /Users/free_1/Library/Mobile Documents/iCloud~md~obsidian/Documents/cpp-checker/branch_3/artifacts/lca_tree_stress_v5/retry_loop/latest_failure_breakdown.md
[2026-04-10 14:12:13 KST] attempt 24 analysis round 1 start: .ouroboros/seed_branch3_failure_analysis.yaml
[2026-04-10 14:58:11 KST] attempt 24 analysis round 1 workflow exited with code 1, but refreshed analysis assets verified; solver retry may continue
[2026-04-10 14:58:11 KST] attempt 24 running next probe before solver retry
[2026-04-10 15:00:59 KST] attempt 24 failed with exit code 1; failure decomposition recorded; retrying in 10 seconds
[2026-04-10 15:01:09 KST] attempt 25 start: .ouroboros/seed_branch3_progress40_research_loop.yaml
[2026-04-10 15:29:19 KST] attempt 25 recorded a retryable intermediate acceptance failure (failed_acceptance_summary); starting analysis/refinement cycle
failure report written: /Users/free_1/Library/Mobile Documents/iCloud~md~obsidian/Documents/cpp-checker/branch_3/artifacts/lca_tree_stress_v5/retry_loop/attempt_025_20260410_150109/failure_report.md
failure breakdown written: /Users/free_1/Library/Mobile Documents/iCloud~md~obsidian/Documents/cpp-checker/branch_3/artifacts/lca_tree_stress_v5/retry_loop/attempt_025_20260410_150109/failure_breakdown.md
latest failure report updated: /Users/free_1/Library/Mobile Documents/iCloud~md~obsidian/Documents/cpp-checker/branch_3/artifacts/lca_tree_stress_v5/retry_loop/latest_failure_report.md
latest failure breakdown updated: /Users/free_1/Library/Mobile Documents/iCloud~md~obsidian/Documents/cpp-checker/branch_3/artifacts/lca_tree_stress_v5/retry_loop/latest_failure_breakdown.md
[2026-04-10 15:37:33 KST] attempt 25 analysis round 1 start: .ouroboros/seed_branch3_failure_analysis.yaml
[2026-04-10 19:27:51 KST] attempt 25 analysis round 1 workflow exited with code 1, but refreshed analysis assets verified; solver retry may continue
[2026-04-10 19:27:51 KST] attempt 25 running next probe before solver retry
[2026-04-10 19:29:32 KST] attempt 25 failed with exit code 1; failure decomposition recorded; retrying in 10 seconds
[2026-04-10 19:29:42 KST] attempt 26 start: .ouroboros/seed_branch3_progress40_research_loop.yaml
[2026-04-10 21:08:30 KST] attempt 26 recorded a retryable intermediate acceptance failure (failed_acceptance_summary); starting analysis/refinement cycle
failure report written: /Users/free_1/Library/Mobile Documents/iCloud~md~obsidian/Documents/cpp-checker/branch_3/artifacts/lca_tree_stress_v5/retry_loop/attempt_026_20260410_192942/failure_report.md
failure breakdown written: /Users/free_1/Library/Mobile Documents/iCloud~md~obsidian/Documents/cpp-checker/branch_3/artifacts/lca_tree_stress_v5/retry_loop/attempt_026_20260410_192942/failure_breakdown.md
latest failure report updated: /Users/free_1/Library/Mobile Documents/iCloud~md~obsidian/Documents/cpp-checker/branch_3/artifacts/lca_tree_stress_v5/retry_loop/latest_failure_report.md
latest failure breakdown updated: /Users/free_1/Library/Mobile Documents/iCloud~md~obsidian/Documents/cpp-checker/branch_3/artifacts/lca_tree_stress_v5/retry_loop/latest_failure_breakdown.md
[2026-04-10 21:09:34 KST] attempt 26 analysis round 1 start: .ouroboros/seed_branch3_failure_analysis.yaml
[2026-04-10 22:07:26 KST] attempt 26 analysis round 1 workflow exited with code 1, but refreshed analysis assets verified; solver retry may continue
[2026-04-10 22:07:26 KST] attempt 26 running next probe before solver retry
[2026-04-10 22:10:26 KST] attempt 26 failed with exit code 1; failure decomposition recorded; retrying in 10 seconds
[2026-04-10 22:10:36 KST] attempt 27 start: .ouroboros/seed_branch3_progress40_research_loop.yaml
[2026-04-10 23:44:32 KST] attempt 27 recorded a retryable intermediate acceptance failure (failed_acceptance_summary); starting analysis/refinement cycle
failure report written: /Users/free_1/Library/Mobile Documents/iCloud~md~obsidian/Documents/cpp-checker/branch_3/artifacts/lca_tree_stress_v5/retry_loop/attempt_027_20260410_221036/failure_report.md
failure breakdown written: /Users/free_1/Library/Mobile Documents/iCloud~md~obsidian/Documents/cpp-checker/branch_3/artifacts/lca_tree_stress_v5/retry_loop/attempt_027_20260410_221036/failure_breakdown.md
latest failure report updated: /Users/free_1/Library/Mobile Documents/iCloud~md~obsidian/Documents/cpp-checker/branch_3/artifacts/lca_tree_stress_v5/retry_loop/latest_failure_report.md
latest failure breakdown updated: /Users/free_1/Library/Mobile Documents/iCloud~md~obsidian/Documents/cpp-checker/branch_3/artifacts/lca_tree_stress_v5/retry_loop/latest_failure_breakdown.md
[2026-04-10 23:53:58 KST] attempt 27 analysis round 1 start: .ouroboros/seed_branch3_failure_analysis.yaml
[2026-04-11 00:24:24 KST] attempt 27 analysis round 1 workflow exited with code 1, but refreshed analysis assets verified; solver retry may continue
[2026-04-11 00:24:24 KST] attempt 27 running next probe before solver retry
[2026-04-11 00:27:18 KST] attempt 27 failed with exit code 1; failure decomposition recorded; retrying in 10 seconds
[2026-04-11 00:27:28 KST] attempt 28 start: .ouroboros/seed_branch3_progress40_research_loop.yaml
[2026-04-11 02:13:56 KST] attempt 28 recorded a retryable intermediate acceptance failure (failed_acceptance_summary); starting analysis/refinement cycle
failure report written: /Users/free_1/Library/Mobile Documents/iCloud~md~obsidian/Documents/cpp-checker/branch_3/artifacts/lca_tree_stress_v5/retry_loop/attempt_028_20260411_002728/failure_report.md
failure breakdown written: /Users/free_1/Library/Mobile Documents/iCloud~md~obsidian/Documents/cpp-checker/branch_3/artifacts/lca_tree_stress_v5/retry_loop/attempt_028_20260411_002728/failure_breakdown.md
latest failure report updated: /Users/free_1/Library/Mobile Documents/iCloud~md~obsidian/Documents/cpp-checker/branch_3/artifacts/lca_tree_stress_v5/retry_loop/latest_failure_report.md
latest failure breakdown updated: /Users/free_1/Library/Mobile Documents/iCloud~md~obsidian/Documents/cpp-checker/branch_3/artifacts/lca_tree_stress_v5/retry_loop/latest_failure_breakdown.md
[2026-04-11 02:17:02 KST] attempt 28 analysis round 1 start: .ouroboros/seed_branch3_failure_analysis.yaml
[2026-04-11 03:45:26 KST] attempt 28 analysis round 1 workflow exited with code 1, but refreshed analysis assets verified; solver retry may continue
[2026-04-11 03:45:26 KST] attempt 28 running next probe before solver retry
[2026-04-11 03:47:53 KST] attempt 28 failed with exit code 1; failure decomposition recorded; retrying in 10 seconds
[2026-04-11 03:48:03 KST] attempt 29 start: .ouroboros/seed_branch3_progress40_research_loop.yaml
[2026-04-11 05:37:49 KST] attempt 29 recorded a retryable intermediate acceptance failure (failed_acceptance_summary); starting analysis/refinement cycle
failure report written: /Users/free_1/Library/Mobile Documents/iCloud~md~obsidian/Documents/cpp-checker/branch_3/artifacts/lca_tree_stress_v5/retry_loop/attempt_029_20260411_034803/failure_report.md
failure breakdown written: /Users/free_1/Library/Mobile Documents/iCloud~md~obsidian/Documents/cpp-checker/branch_3/artifacts/lca_tree_stress_v5/retry_loop/attempt_029_20260411_034803/failure_breakdown.md
latest failure report updated: /Users/free_1/Library/Mobile Documents/iCloud~md~obsidian/Documents/cpp-checker/branch_3/artifacts/lca_tree_stress_v5/retry_loop/latest_failure_report.md
latest failure breakdown updated: /Users/free_1/Library/Mobile Documents/iCloud~md~obsidian/Documents/cpp-checker/branch_3/artifacts/lca_tree_stress_v5/retry_loop/latest_failure_breakdown.md
[2026-04-11 05:39:36 KST] attempt 29 analysis round 1 start: .ouroboros/seed_branch3_failure_analysis.yaml
[2026-04-11 06:14:46 KST] attempt 29 analysis round 1 workflow exited with code 1, but refreshed analysis assets verified; solver retry may continue
[2026-04-11 06:14:46 KST] attempt 29 running next probe before solver retry
[2026-04-11 06:17:24 KST] attempt 29 failed with exit code 1; failure decomposition recorded; retrying in 10 seconds
[2026-04-11 06:17:34 KST] attempt 30 start: .ouroboros/seed_branch3_progress40_research_loop.yaml
[2026-04-11 07:40:27 KST] attempt 30 recorded a retryable intermediate acceptance failure (failed_acceptance_summary); starting analysis/refinement cycle
failure report written: /Users/free_1/Library/Mobile Documents/iCloud~md~obsidian/Documents/cpp-checker/branch_3/artifacts/lca_tree_stress_v5/retry_loop/attempt_030_20260411_061734/failure_report.md
failure breakdown written: /Users/free_1/Library/Mobile Documents/iCloud~md~obsidian/Documents/cpp-checker/branch_3/artifacts/lca_tree_stress_v5/retry_loop/attempt_030_20260411_061734/failure_breakdown.md
latest failure report updated: /Users/free_1/Library/Mobile Documents/iCloud~md~obsidian/Documents/cpp-checker/branch_3/artifacts/lca_tree_stress_v5/retry_loop/latest_failure_report.md
latest failure breakdown updated: /Users/free_1/Library/Mobile Documents/iCloud~md~obsidian/Documents/cpp-checker/branch_3/artifacts/lca_tree_stress_v5/retry_loop/latest_failure_breakdown.md
[2026-04-11 07:42:30 KST] attempt 30 analysis round 1 start: .ouroboros/seed_branch3_failure_analysis.yaml
[2026-04-11 08:02:49 KST] attempt 30 analysis round 1 did not produce a verified analysis refresh; retrying analysis in 10 seconds
[2026-04-11 08:02:59 KST] attempt 30 analysis round 2 start: .ouroboros/seed_branch3_failure_analysis.yaml
[2026-04-11 08:26:23 KST] attempt 30 analysis round 2 did not produce a verified analysis refresh; retrying analysis in 10 seconds
[2026-04-11 08:26:33 KST] attempt 30 analysis round 3 start: .ouroboros/seed_branch3_failure_analysis.yaml
[2026-04-11 08:44:15 KST] attempt 30 analysis round 3 failed to refresh mandatory analysis assets; aborting retry loop instead of starting a blind solver retry
