analysis refresh verified
/Users/free_1/Library/Mobile Documents/iCloud~md~obsidian/Documents/cpp-checker/branch_3/.ouroboros/failure_analysis_state.json
/Users/free_1/Library/Mobile Documents/iCloud~md~obsidian/Documents/cpp-checker/branch_3/.ouroboros/failure_analysis_iteration.md
/Users/free_1/Library/Mobile Documents/iCloud~md~obsidian/Documents/cpp-checker/branch_3/.ouroboros/failure_analysis_state.json:current_for_latest_failure
/Users/free_1/Library/Mobile Documents/iCloud~md~obsidian/Documents/cpp-checker/branch_3/.ouroboros/failure_analysis_state.json:current_failure_signature
/Users/free_1/Library/Mobile Documents/iCloud~md~obsidian/Documents/cpp-checker/branch_3/.ouroboros/failure_analysis_state.json:pinned_primary_axis
/Users/free_1/Library/Mobile Documents/iCloud~md~obsidian/Documents/cpp-checker/branch_3/.ouroboros/failure_analysis_state.json:next_probe_command
/Users/free_1/Library/Mobile Documents/iCloud~md~obsidian/Documents/cpp-checker/branch_3/.ouroboros/failure_analysis_state.json:why_this_axis
/Users/free_1/Library/Mobile Documents/iCloud~md~obsidian/Documents/cpp-checker/branch_3/.ouroboros/failure_analysis_state.json:current_for_latest_failure
/Users/free_1/Library/Mobile Documents/iCloud~md~obsidian/Documents/cpp-checker/branch_3/.ouroboros/failure_analysis_state.json:current_failure_attempt=attempt_030
/Users/free_1/Library/Mobile Documents/iCloud~md~obsidian/Documents/cpp-checker/branch_3/.ouroboros/failure_analysis_state.json:current_failure_session_id=orch_81ebdfa1a305
/Users/free_1/Library/Mobile Documents/iCloud~md~obsidian/Documents/cpp-checker/branch_3/.ouroboros/failure_analysis_state.json:current_failure_signature=attempt_030|orch_81ebdfa1a305|2026-04-11 12:21:13 KST|2,3
/Users/free_1/Library/Mobile Documents/iCloud~md~obsidian/Documents/cpp-checker/branch_3/.ouroboros/failure_analysis_state.json:refresh_evidence.refreshed_after_failure_breakdown=true
/Users/free_1/Library/Mobile Documents/iCloud~md~obsidian/Documents/cpp-checker/branch_3/.ouroboros/failure_analysis_state.json:refresh_asset=/Users/free_1/Library/Mobile Documents/iCloud~md~obsidian/Documents/cpp-checker/branch_3/.ouroboros/failure_analysis_state.json
/Users/free_1/Library/Mobile Documents/iCloud~md~obsidian/Documents/cpp-checker/branch_3/.ouroboros/failure_analysis_state.json:refresh_asset=/Users/free_1/Library/Mobile Documents/iCloud~md~obsidian/Documents/cpp-checker/branch_3/.ouroboros/failure_analysis_iteration.md
/Users/free_1/Library/Mobile Documents/iCloud~md~obsidian/Documents/cpp-checker/branch_3/.ouroboros/failure_analysis_state.json:freshness_record.refreshed_asset=/Users/free_1/Library/Mobile Documents/iCloud~md~obsidian/Documents/cpp-checker/branch_3/.ouroboros/failure_analysis_iteration.md
/Users/free_1/Library/Mobile Documents/iCloud~md~obsidian/Documents/cpp-checker/branch_3/.ouroboros/failure_analysis_state.json:post_failure_refresh_asset=/Users/free_1/Library/Mobile Documents/iCloud~md~obsidian/Documents/cpp-checker/branch_3/.ouroboros/failure_analysis_iteration.md
/Users/free_1/Library/Mobile Documents/iCloud~md~obsidian/Documents/cpp-checker/branch_3/.ouroboros/failure_analysis_iteration.md:current_for_latest_failure=yes
/Users/free_1/Library/Mobile Documents/iCloud~md~obsidian/Documents/cpp-checker/branch_3/.ouroboros/failure_analysis_iteration.md:failed_attempt=attempt_030
/Users/free_1/Library/Mobile Documents/iCloud~md~obsidian/Documents/cpp-checker/branch_3/.ouroboros/failure_analysis_iteration.md:current_failure_signature=attempt_030|orch_81ebdfa1a305|2026-04-11 12:21:13 KST|2,3
/Users/free_1/Library/Mobile Documents/iCloud~md~obsidian/Documents/cpp-checker/branch_3/.ouroboros/failure_analysis_iteration.md:analysis_refresh_timestamp=2026-04-11 12:22:13 KST
/Users/free_1/Library/Mobile Documents/iCloud~md~obsidian/Documents/cpp-checker/branch_3/artifacts/lca_tree_stress_v5/retry_loop/latest_analysis_session.md:analysis_session.current_for_latest_failure=yes
/Users/free_1/Library/Mobile Documents/iCloud~md~obsidian/Documents/cpp-checker/branch_3/artifacts/lca_tree_stress_v5/retry_loop/latest_analysis_session.md:analysis_session.current_failure_attempt=attempt_030
/Users/free_1/Library/Mobile Documents/iCloud~md~obsidian/Documents/cpp-checker/branch_3/artifacts/lca_tree_stress_v5/retry_loop/latest_analysis_session.md:analysis_session.current_failure_signature=attempt_030|orch_81ebdfa1a305|2026-04-11 12:21:13 KST|2,3
/Users/free_1/Library/Mobile Documents/iCloud~md~obsidian/Documents/cpp-checker/branch_3/artifacts/lca_tree_stress_v5/retry_loop/latest_analysis_session.md:analysis_session.verification=refreshed analysis assets linked to latest failure
/Users/free_1/Library/Mobile Documents/iCloud~md~obsidian/Documents/cpp-checker/branch_3/artifacts/lca_tree_stress_v5/retry_loop/latest_analysis_session.md:analysis_session.post_failure_timestamp=2026-04-11 12:22:13 KST
[2026-04-11 13:00:56 KST] attempt 32 start: .ouroboros/seed_branch3_progress40_research_loop.yaml
[2026-04-11 14:54:33 KST] attempt 32 recorded a retryable intermediate acceptance failure (failed_acceptance_summary); starting analysis/refinement cycle
failure report written: /Users/free_1/Library/Mobile Documents/iCloud~md~obsidian/Documents/cpp-checker/branch_3/artifacts/lca_tree_stress_v5/retry_loop/attempt_032_20260411_130056/failure_report.md
failure breakdown written: /Users/free_1/Library/Mobile Documents/iCloud~md~obsidian/Documents/cpp-checker/branch_3/artifacts/lca_tree_stress_v5/retry_loop/attempt_032_20260411_130056/failure_breakdown.md
latest failure report updated: /Users/free_1/Library/Mobile Documents/iCloud~md~obsidian/Documents/cpp-checker/branch_3/artifacts/lca_tree_stress_v5/retry_loop/latest_failure_report.md
latest failure breakdown updated: /Users/free_1/Library/Mobile Documents/iCloud~md~obsidian/Documents/cpp-checker/branch_3/artifacts/lca_tree_stress_v5/retry_loop/latest_failure_breakdown.md
[2026-04-11 14:55:37 KST] attempt 32 analysis round 1 start: .ouroboros/seed_branch3_failure_analysis.yaml
[2026-04-11 16:13:40 KST] attempt 32 analysis round 1 workflow exited with code 1, but refreshed analysis assets verified; solver retry may continue
[2026-04-11 16:13:40 KST] attempt 32 running next probe before solver retry
[2026-04-11 16:16:41 KST] attempt 32 failed with exit code 1; failure decomposition recorded; retrying in 10 seconds
[2026-04-11 16:16:51 KST] attempt 33 start: .ouroboros/seed_branch3_progress40_research_loop.yaml
[2026-04-11 19:01:21 KST] attempt 33 solver_attempt generated non-artifact output outside branch-local artifacts; see /Users/free_1/Library/Mobile Documents/iCloud~md~obsidian/Documents/cpp-checker/branch_3/artifacts/lca_tree_stress_v5/retry_loop/latest_solver_attempt_non_artifact_tree_report.txt
[2026-04-11 19:01:21 KST] attempt 33 output locality guard detected generated output outside branch-local artifacts; aborting retry loop
