analysis refresh verified
/Users/free_1/Library/Mobile Documents/iCloud~md~obsidian/Documents/cpp-checker/branch_3/.ouroboros/failure_analysis_state.json
/Users/free_1/Library/Mobile Documents/iCloud~md~obsidian/Documents/cpp-checker/branch_3/.ouroboros/failure_analysis_iteration.md
/Users/free_1/Library/Mobile Documents/iCloud~md~obsidian/Documents/cpp-checker/branch_3/.ouroboros/failure_analysis_state.json:current_for_latest_failure
/Users/free_1/Library/Mobile Documents/iCloud~md~obsidian/Documents/cpp-checker/branch_3/.ouroboros/failure_analysis_state.json:current_failure_signature
/Users/free_1/Library/Mobile Documents/iCloud~md~obsidian/Documents/cpp-checker/branch_3/.ouroboros/failure_analysis_state.json:pinned_primary_axis
/Users/free_1/Library/Mobile Documents/iCloud~md~obsidian/Documents/cpp-checker/branch_3/.ouroboros/failure_analysis_state.json:next_probe_command
/Users/free_1/Library/Mobile Documents/iCloud~md~obsidian/Documents/cpp-checker/branch_3/.ouroboros/failure_analysis_state.json:why_this_axis
/Users/free_1/Library/Mobile Documents/iCloud~md~obsidian/Documents/cpp-checker/branch_3/.ouroboros/failure_analysis_state.json:current_for_latest_failure
/Users/free_1/Library/Mobile Documents/iCloud~md~obsidian/Documents/cpp-checker/branch_3/.ouroboros/failure_analysis_state.json:current_failure_attempt=attempt_020
/Users/free_1/Library/Mobile Documents/iCloud~md~obsidian/Documents/cpp-checker/branch_3/.ouroboros/failure_analysis_state.json:current_failure_session_id=orch_541dc2820c81
/Users/free_1/Library/Mobile Documents/iCloud~md~obsidian/Documents/cpp-checker/branch_3/.ouroboros/failure_analysis_state.json:current_failure_signature=attempt_020|orch_541dc2820c81|2026-04-04 17:52:22 KST|2,3
/Users/free_1/Library/Mobile Documents/iCloud~md~obsidian/Documents/cpp-checker/branch_3/.ouroboros/failure_analysis_state.json:refresh_evidence.refreshed_after_failure_breakdown=true
/Users/free_1/Library/Mobile Documents/iCloud~md~obsidian/Documents/cpp-checker/branch_3/.ouroboros/failure_analysis_state.json:refresh_asset=/Users/free_1/Library/Mobile Documents/iCloud~md~obsidian/Documents/cpp-checker/branch_3/.ouroboros/failure_analysis_state.json
/Users/free_1/Library/Mobile Documents/iCloud~md~obsidian/Documents/cpp-checker/branch_3/.ouroboros/failure_analysis_state.json:refresh_asset=/Users/free_1/Library/Mobile Documents/iCloud~md~obsidian/Documents/cpp-checker/branch_3/.ouroboros/failure_analysis_iteration.md
/Users/free_1/Library/Mobile Documents/iCloud~md~obsidian/Documents/cpp-checker/branch_3/.ouroboros/failure_analysis_state.json:freshness_record.refreshed_asset=/Users/free_1/Library/Mobile Documents/iCloud~md~obsidian/Documents/cpp-checker/branch_3/.ouroboros/failure_analysis_iteration.md
/Users/free_1/Library/Mobile Documents/iCloud~md~obsidian/Documents/cpp-checker/branch_3/.ouroboros/failure_analysis_state.json:post_failure_refresh_asset=/Users/free_1/Library/Mobile Documents/iCloud~md~obsidian/Documents/cpp-checker/branch_3/.ouroboros/failure_analysis_iteration.md
/Users/free_1/Library/Mobile Documents/iCloud~md~obsidian/Documents/cpp-checker/branch_3/artifacts/lca_tree_stress_v5/retry_loop/latest_analysis_session.md:analysis_session.current_for_latest_failure=yes
/Users/free_1/Library/Mobile Documents/iCloud~md~obsidian/Documents/cpp-checker/branch_3/artifacts/lca_tree_stress_v5/retry_loop/latest_analysis_session.md:analysis_session.current_failure_attempt=attempt_020
/Users/free_1/Library/Mobile Documents/iCloud~md~obsidian/Documents/cpp-checker/branch_3/artifacts/lca_tree_stress_v5/retry_loop/latest_analysis_session.md:analysis_session.current_failure_signature=attempt_020|orch_541dc2820c81|2026-04-04 17:52:22 KST|2,3
/Users/free_1/Library/Mobile Documents/iCloud~md~obsidian/Documents/cpp-checker/branch_3/artifacts/lca_tree_stress_v5/retry_loop/latest_analysis_session.md:analysis_session.verification=refreshed analysis assets linked to latest failure
/Users/free_1/Library/Mobile Documents/iCloud~md~obsidian/Documents/cpp-checker/branch_3/artifacts/lca_tree_stress_v5/retry_loop/latest_analysis_session.md:analysis_session.post_failure_timestamp=2026-04-04 18:10:44 KST
[2026-04-09 19:45:20 KST] attempt 21 start: .ouroboros/seed_branch3_progress40_research_loop.yaml
[2026-04-10 01:25:16 KST] attempt 21 solver_attempt generated non-artifact output outside branch-local artifacts; see /Users/free_1/Library/Mobile Documents/iCloud~md~obsidian/Documents/cpp-checker/branch_3/artifacts/lca_tree_stress_v5/retry_loop/latest_solver_attempt_non_artifact_tree_report.txt
[2026-04-10 01:25:16 KST] attempt 21 output locality guard detected generated output outside branch-local artifacts; aborting retry loop
